[import] 26 frame candidates, 131 memberships, 2 orphans
[import] ✓ symbolic-motif: 13 members
[import] ✓ technical-style-and-atmosphere: 12 members
[import] ✓ genre-subversion: 10 members
[import] ✓ self-destructive-choice: 9 members
[import] ✓ plot-hole-explanation: 8 members
[import] ✓ surreal-or-abstract-scene: 8 members
[import] ✓ character-morality: 7 members
[import] ✓ is-the-ending-real: 6 members
[import] ✓ ideological-message: 6 members
[import] ✓ pacing-and-focus: 5 members
[import] ✓ setting-and-space-symbolism: 5 members
[import] ✓ intertextuality-and-adaptation: 5 members
[import] ✓ tragic-or-ambiguous-ending: 4 members
[import] ✓ unusual-narrative-structure: 4 members
[import] ✓ genre-redefinition: 4 members
[import] ✓ ambiguous-reality: 3 members
[import] ✓ contrasting-character-reactions: 3 members
[import] ✓ hesitation-or-refusal: 3 members
[import] ✓ foreshadowing-clues: 2 members
[import] ✓ toxic-relationship-motivation: 2 members
[import] ✓ character-mystery: 2 members
[import] ✓ tragic-burden: 2 members
[import] ✓ character-trauma-and-fate: 2 members
[import] ✓ antagonist-behavior-and-motivation: 2 members
[import] ✓ production-circumstances-and-style: 2 members
[import] ✓ artistic-indulgence-vs-meaning: 2 members
[import] done: 26 frames inserted, 131 memberships written
